[0m17:14:41.411485 [debug] [MainThread]: Sending event: {'category': 'dbt', 'action': 'invocation', 'label': 'start', 'context': [<snowplow_tracker.self_describing_json.SelfDescribingJson object at 0x0000024BD7054E20>, <snowplow_tracker.self_describing_json.SelfDescribingJson object at 0x0000024BD811B550>, <snowplow_tracker.self_describing_json.SelfDescribingJson object at 0x0000024BD811B7C0>]}


============================== 17:14:41.423629 | aef500c6-2df5-484d-9f0f-1d9ac5fdaa71 ==============================
[0m17:14:41.423629 [info ] [MainThread]: Running with dbt=1.11.4
[0m17:14:41.426191 [debug] [MainThread]: running dbt with arguments {'static_parser': 'True', 'no_print': 'None', 'version_check': 'True', 'warn_error_options': 'WarnErrorOptionsV2(error=[], warn=[], silence=[])', 'target_path': 'None', 'printer_width': '80', 'write_json': 'True', 'introspect': 'True', 'log_cache_events': 'False', 'empty': 'None', 'cache_selected_only': 'False', 'fail_fast': 'False', 'debug': 'False', 'log_format': 'default', 'partial_parse': 'True', 'send_anonymous_usage_stats': 'True', 'quiet': 'False', 'warn_error': 'None', 'profiles_dir': 'C:\\Users\\Houss\\.dbt', 'indirect_selection': 'eager', 'use_colors': 'True', 'invocation_command': 'dbt init lab2_dbt', 'use_experimental_parser': 'False', 'log_path': 'logs'}
[0m17:14:41.477851 [info ] [MainThread]: Creating dbt configuration folder at C:\Users\Houss\.dbt
[0m17:14:41.484768 [debug] [MainThread]: Starter project path: C:\Users\Houss\AppData\Local\Programs\Python\Python310\lib\site-packages\dbt\include\starter_project
[0m17:14:41.686021 [info ] [MainThread]: 
Your new dbt project "lab2_dbt" was created!

For more information on how to configure the profiles.yml file,
please consult the dbt documentation here:

  https://docs.getdbt.com/docs/configure-your-profile

One more thing:

Need help? Don't hesitate to reach out to us via GitHub issues or on Slack:

  https://community.getdbt.com/

Happy modeling!

[0m17:14:41.690410 [info ] [MainThread]: Setting up your profile.
[0m17:15:18.051442 [error] [MainThread]: Encountered an error:
list index out of range
[0m17:15:18.056456 [error] [MainThread]: Traceback (most recent call last):
  File "C:\Users\Houss\AppData\Local\Programs\Python\Python310\lib\site-packages\dbt\cli\requires.py", line 182, in wrapper
    result, success = func(*args, **kwargs)
  File "C:\Users\Houss\AppData\Local\Programs\Python\Python310\lib\site-packages\dbt\cli\requires.py", line 128, in wrapper
    return func(*args, **kwargs)
  File "C:\Users\Houss\AppData\Local\Programs\Python\Python310\lib\site-packages\dbt\cli\main.py", line 483, in init
    results = task.run()
  File "C:\Users\Houss\AppData\Local\Programs\Python\Python310\lib\site-packages\dbt\task\init.py", line 346, in run
    self.setup_profile(profile_name)
  File "C:\Users\Houss\AppData\Local\Programs\Python\Python310\lib\site-packages\dbt\task\init.py", line 261, in setup_profile
    adapter = self.ask_for_adapter_choice()
  File "C:\Users\Houss\AppData\Local\Programs\Python\Python310\lib\site-packages\dbt\task\init.py", line 243, in ask_for_adapter_choice
    return available_adapters[numeric_choice - 1]
IndexError: list index out of range

[0m17:15:18.058997 [debug] [MainThread]: Command `dbt init` failed at 17:15:18.057478 after 36.87 seconds
[0m17:15:18.058997 [debug] [MainThread]: Sending event: {'category': 'dbt', 'action': 'invocation', 'label': 'end', 'context': [<snowplow_tracker.self_describing_json.SelfDescribingJson object at 0x0000024BD7054E20>, <snowplow_tracker.self_describing_json.SelfDescribingJson object at 0x0000024BD83278E0>, <snowplow_tracker.self_describing_json.SelfDescribingJson object at 0x0000024BD83241F0>]}
[0m17:15:18.060681 [debug] [MainThread]: Flushing usage events
[0m17:15:18.713724 [debug] [MainThread]: An error was encountered while trying to flush usage events
